
> client@0.1.0 build
> next build

Γû▓ Next.js 16.1.0 (Turbopack)

  Creating an optimized production build ...
Γ£ô Compiled successfully in 10.6s
  Running TypeScript ...
node.exe : 
At line:1 char:1
+ & "C:\Program Files
\nodejs/node.exe" "C:
\Users\noman\AppData\
Roaming\ ...
+ ~~~~~~~~~~~~~~~~~~~
~~~~~~~~~~~~~~~~~~~~~
~~~~~~~~~~~~~~~~~~~~~
~~~~~~~~
    + CategoryInfo   
           : NotSpe  
  cified: (:String   
 ) [], RemoteExce    
ption
    + FullyQualified 
   ErrorId : Native  
  CommandError
 
> Build error 
occurred
Error: spawn UNKNOWN
    at ignore-listed 
frames {
  errno: -4094,
  code: 'UNKNOWN',
  syscall: 'spawn'
}
