.next/dev/types/validator.ts(141,39): error TS2307: Cannot find module '../../../src/app/admin/dashboard/page.js' or its corresponding type declarations.
src/app/(public)/contact/page.tsx(9,32): error TS2307: Cannot find module '@/components/common/CommonTextarea' or its corresponding type declarations.
src/app/(public)/contact/page.tsx(142,40): error TS7006: Parameter 'e' implicitly has an 'any' type.
src/app/admin/(dashboard)/projects/page.tsx(8,32): error TS2307: Cannot find module '@/components/common/CommonTextarea' or its corresponding type declarations.
src/app/admin/(dashboard)/projects/page.tsx(231,39): error TS7006: Parameter 'e' implicitly has an 'any' type.
src/app/admin/login/page.tsx(5,10): error TS2300: Duplicate identifier 'useRouter'.
src/app/admin/login/page.tsx(6,10): error TS2300: Duplicate identifier 'useRouter'.
src/components/3d/NebulaContent.tsx(18,15): error TS2554: Expected 1 arguments, but got 0.
src/components/projects/ProjectsSection.tsx(100,21): error TS2322: Type 'string' is not assignable to type '"Completed" | "In Progress" | "Archived"'.
src/three/Scene.tsx(38,15): error TS2554: Expected 1 arguments, but got 0.
